2025-10-08 23:14:03.340 [INFO] [START] TraceWatch agent starting; Root='C:\ProgramData\HAMILTON\Logs' Api='https://collector.local:8443/ingest' Outbox='C:\QC\outbox' DevIntervalMinutes=2 LogLevel=DEBUG
2025-10-08 23:14:03.491 [INFO] [DEV_LOOP] Running periodic sweep every 2 minute(s)
2025-10-08 23:14:03.520 [INFO] [SWEEP_START] window=2025-10-08T23:12:03 → 2025-10-08T23:14:03; candidates=0
2025-10-08 23:14:03.525 [INFO] [SWEEP_DONE] uploaded=0 failed=0
2025-10-08 23:42:08.835 [INFO] [START] TraceWatch agent starting; Root='C:\ProgramData\HAMILTON\Logs' Api='https://collector.local:8443/ingest' Outbox='C:\QC\outbox' DevIntervalMinutes=2 LogLevel=DEBUG
2025-10-08 23:42:09.123 [INFO] [DEV_LOOP] Running periodic sweep every 2 minute(s)
2025-10-08 23:42:09.152 [INFO] [SWEEP_START] window=2025-10-08T23:40:09 → 2025-10-08T23:42:09; candidates=0
2025-10-08 23:42:09.155 [INFO] [SWEEP_DONE] uploaded=0 failed=0
2025-10-08 23:44:09.172 [INFO] [SWEEP_START] window=2025-10-08T23:42:09 → 2025-10-08T23:44:09; candidates=0
2025-10-08 23:44:09.174 [INFO] [SWEEP_DONE] uploaded=0 failed=0
2025-10-08 23:48:56.510 [INFO] [START] TraceWatch agent starting; Root='C:\Program Files (x86)\HAMILTON\LogFiles' Api='https://collector.local:8443/ingest' Outbox='C:\QC\outbox' DevIntervalMinutes=2 LogLevel=DEBUG
2025-10-08 23:48:56.566 [INFO] [DEV_LOOP] Running periodic sweep every 2 minute(s)
2025-10-08 23:48:56.666 [INFO] [SWEEP_START] window=2025-10-08T23:46:56 → 2025-10-08T23:48:56; candidates=0
2025-10-08 23:48:56.669 [INFO] [SWEEP_DONE] uploaded=0 failed=0
2025-10-08 23:50:56.760 [INFO] [SWEEP_START] window=2025-10-08T23:48:56 → 2025-10-08T23:50:56; candidates=0
2025-10-08 23:50:56.762 [INFO] [SWEEP_DONE] uploaded=0 failed=0
2025-10-08 23:52:56.810 [INFO] [FS_EVENT] Changed 'C:\Program Files (x86)\HAMILTON\LogFiles\HamiltonStar_Vibrant_TBDS_NZPS_12col_Ver1.4.1_ae3bce199eac4b11ac2f42eb6697a932_Trace.trc' bytes=602568 lastwrite=2025-10-08T23:51:11
2025-10-08 23:52:56.818 [INFO] [FS_EVENT] Created 'C:\Program Files (x86)\HAMILTON\LogFiles\HamiltonStar_Vibrant_TBDS_NZPS_12col_Ver1.4.1_d2046f0a60364136bc646cd5eb6b0f28_Trace.trc' bytes=408312 lastwrite=2025-10-08T23:52:56
2025-10-08 23:52:56.869 [INFO] [SWEEP_START] window=2025-10-08T23:50:56 → 2025-10-08T23:52:56; candidates=5
2025-10-08 23:52:56.967 [DEBUG] [SWEEP_SKIP] 'C:\Program Files (x86)\HAMILTON\LogFiles\HamiltonStar_Vibrant_TBDS_NZPS_12col_Ver1.4.1_ae3bce199eac4b11ac2f42eb6697a932_Trace.trc' no checksum; last_line='b'
2025-10-08 23:52:56.972 [DEBUG] [SWEEP_SKIP] 'C:\Program Files (x86)\HAMILTON\LogFiles\HamiltonStar_Vibrant_TBDS_NZPS_12col_Ver1.4.1_d2046f0a60364136bc646cd5eb6b0f28_HamiltonVectorDB.ldf' no checksum; last_line=''
2025-10-08 23:52:56.986 [DEBUG] [SWEEP_SKIP] 'C:\Program Files (x86)\HAMILTON\LogFiles\TemporaryFileForSorting.xls' no checksum; last_line='?'
2025-10-08 23:52:56.996 [DEBUG] [SWEEP_SKIP] 'C:\Program Files (x86)\HAMILTON\LogFiles\HamiltonStar_Vibrant_TBDS_NZPS_12col_Ver1.4.1_d2046f0a60364136bc646cd5eb6b0f28_HamiltonVectorDB.mdf' no checksum; last_line=''
2025-10-08 23:52:57.009 [DEBUG] [SWEEP_SKIP] 'C:\Program Files (x86)\HAMILTON\LogFiles\HamiltonStar_Vibrant_TBDS_NZPS_12col_Ver1.4.1_d2046f0a60364136bc646cd5eb6b0f28_Trace.trc' no checksum; last_line='h'
2025-10-08 23:52:57.009 [INFO] [SWEEP_DONE] uploaded=0 failed=0
2025-10-08 23:54:57.069 [INFO] [SWEEP_START] window=2025-10-08T23:52:57 → 2025-10-08T23:54:57; candidates=3
2025-10-08 23:54:57.085 [DEBUG] [SWEEP_SKIP] 'C:\Program Files (x86)\HAMILTON\LogFiles\TemporaryFileForSorting.xls' no checksum; last_line='?'
2025-10-08 23:54:57.100 [DEBUG] [SWEEP_SKIP] 'C:\Program Files (x86)\HAMILTON\LogFiles\HamiltonStar_Vibrant_TBDS_NZPS_12col_Ver1.4.1_d2046f0a60364136bc646cd5eb6b0f28_HamiltonVectorDB.ldf' no checksum; last_line='?'
2025-10-08 23:54:57.109 [DEBUG] [SWEEP_SKIP] 'C:\Program Files (x86)\HAMILTON\LogFiles\HamiltonStar_Vibrant_TBDS_NZPS_12col_Ver1.4.1_d2046f0a60364136bc646cd5eb6b0f28_HamiltonVectorDB.mdf' no checksum; last_line='z'
2025-10-08 23:54:57.113 [INFO] [SWEEP_DONE] uploaded=0 failed=0
2025-10-08 23:56:57.164 [INFO] [SWEEP_START] window=2025-10-08T23:54:57 → 2025-10-08T23:56:57; candidates=1
2025-10-08 23:56:57.184 [DEBUG] [SWEEP_SKIP] 'C:\Program Files (x86)\HAMILTON\LogFiles\HamiltonStar_Vibrant_TBDS_NZPS_12col_Ver1.4.1_d2046f0a60364136bc646cd5eb6b0f28_Trace.trc' no checksum; last_line='-'
2025-10-08 23:56:57.184 [INFO] [SWEEP_DONE] uploaded=0 failed=0
2025-10-08 23:58:57.226 [INFO] [SWEEP_START] window=2025-10-08T23:56:57 → 2025-10-08T23:58:57; candidates=0
2025-10-08 23:58:57.235 [INFO] [SWEEP_DONE] uploaded=0 failed=0
2025-10-09 00:00:57.284 [INFO] [SWEEP_START] window=2025-10-08T23:58:57 → 2025-10-09T00:00:57; candidates=0
2025-10-09 00:00:57.288 [INFO] [SWEEP_DONE] uploaded=0 failed=0
2025-10-09 00:02:57.346 [INFO] [SWEEP_START] window=2025-10-09T00:00:57 → 2025-10-09T00:02:57; candidates=0
2025-10-09 00:02:57.349 [INFO] [SWEEP_DONE] uploaded=0 failed=0
2025-10-09 00:04:57.398 [INFO] [SWEEP_START] window=2025-10-09T00:02:57 → 2025-10-09T00:04:57; candidates=0
2025-10-09 00:04:57.398 [INFO] [SWEEP_DONE] uploaded=0 failed=0
2025-10-09 00:06:57.454 [INFO] [SWEEP_START] window=2025-10-09T00:04:57 → 2025-10-09T00:06:57; candidates=0
2025-10-09 00:06:57.454 [INFO] [SWEEP_DONE] uploaded=0 failed=0
2025-10-09 00:08:57.493 [INFO] [SWEEP_START] window=2025-10-09T00:06:57 → 2025-10-09T00:08:57; candidates=0
2025-10-09 00:08:57.501 [INFO] [SWEEP_DONE] uploaded=0 failed=0
2025-10-09 00:10:57.548 [INFO] [SWEEP_START] window=2025-10-09T00:08:57 → 2025-10-09T00:10:57; candidates=0
2025-10-09 00:10:57.548 [INFO] [SWEEP_DONE] uploaded=0 failed=0
2025-10-09 00:12:57.613 [INFO] [SWEEP_START] window=2025-10-09T00:10:57 → 2025-10-09T00:12:57; candidates=0
2025-10-09 00:12:57.614 [INFO] [SWEEP_DONE] uploaded=0 failed=0
2025-10-09 00:14:57.670 [INFO] [SWEEP_START] window=2025-10-09T00:12:57 → 2025-10-09T00:14:57; candidates=0
2025-10-09 00:14:57.670 [INFO] [SWEEP_DONE] uploaded=0 failed=0
2025-10-09 00:16:57.733 [INFO] [SWEEP_START] window=2025-10-09T00:14:57 → 2025-10-09T00:16:57; candidates=0
2025-10-09 00:16:57.735 [INFO] [SWEEP_DONE] uploaded=0 failed=0
2025-10-09 00:18:57.783 [INFO] [SWEEP_START] window=2025-10-09T00:16:57 → 2025-10-09T00:18:57; candidates=0
2025-10-09 00:18:57.787 [INFO] [SWEEP_DONE] uploaded=0 failed=0
2025-10-09 00:20:57.846 [INFO] [SWEEP_START] window=2025-10-09T00:18:57 → 2025-10-09T00:20:57; candidates=0
2025-10-09 00:20:57.855 [INFO] [SWEEP_DONE] uploaded=0 failed=0
2025-10-09 00:22:57.911 [INFO] [SWEEP_START] window=2025-10-09T00:20:57 → 2025-10-09T00:22:57; candidates=0
2025-10-09 00:22:57.916 [INFO] [SWEEP_DONE] uploaded=0 failed=0
2025-10-09 00:24:57.974 [INFO] [SWEEP_START] window=2025-10-09T00:22:57 → 2025-10-09T00:24:57; candidates=0
2025-10-09 00:24:57.976 [INFO] [SWEEP_DONE] uploaded=0 failed=0
2025-10-09 00:26:58.032 [INFO] [SWEEP_START] window=2025-10-09T00:24:57 → 2025-10-09T00:26:57; candidates=0
2025-10-09 00:26:58.038 [INFO] [SWEEP_DONE] uploaded=0 failed=0
2025-10-09 00:28:58.099 [INFO] [SWEEP_START] window=2025-10-09T00:26:58 → 2025-10-09T00:28:58; candidates=0
2025-10-09 00:28:58.099 [INFO] [SWEEP_DONE] uploaded=0 failed=0
2025-10-09 00:30:58.156 [INFO] [SWEEP_START] window=2025-10-09T00:28:58 → 2025-10-09T00:30:58; candidates=0
2025-10-09 00:30:58.156 [INFO] [SWEEP_DONE] uploaded=0 failed=0
2025-10-09 00:32:58.208 [INFO] [SWEEP_START] window=2025-10-09T00:30:58 → 2025-10-09T00:32:58; candidates=0
2025-10-09 00:32:58.208 [INFO] [SWEEP_DONE] uploaded=0 failed=0
2025-10-09 00:34:58.262 [INFO] [SWEEP_START] window=2025-10-09T00:32:58 → 2025-10-09T00:34:58; candidates=0
2025-10-09 00:34:58.272 [INFO] [SWEEP_DONE] uploaded=0 failed=0
2025-10-09 00:36:58.334 [INFO] [SWEEP_START] window=2025-10-09T00:34:58 → 2025-10-09T00:36:58; candidates=0
2025-10-09 00:36:58.336 [INFO] [SWEEP_DONE] uploaded=0 failed=0
2025-10-09 00:38:58.381 [INFO] [SWEEP_START] window=2025-10-09T00:36:58 → 2025-10-09T00:38:58; candidates=0
2025-10-09 00:38:58.384 [INFO] [SWEEP_DONE] uploaded=0 failed=0
2025-10-09 00:40:58.434 [INFO] [SWEEP_START] window=2025-10-09T00:38:58 → 2025-10-09T00:40:58; candidates=0
2025-10-09 00:40:58.442 [INFO] [SWEEP_DONE] uploaded=0 failed=0
2025-10-09 00:42:58.505 [INFO] [SWEEP_START] window=2025-10-09T00:40:58 → 2025-10-09T00:42:58; candidates=0
2025-10-09 00:42:58.509 [INFO] [SWEEP_DONE] uploaded=0 failed=0
2025-10-09 00:44:58.564 [INFO] [SWEEP_START] window=2025-10-09T00:42:58 → 2025-10-09T00:44:58; candidates=0
2025-10-09 00:44:58.567 [INFO] [SWEEP_DONE] uploaded=0 failed=0
2025-10-09 00:46:58.611 [INFO] [SWEEP_START] window=2025-10-09T00:44:58 → 2025-10-09T00:46:58; candidates=0
2025-10-09 00:46:58.618 [INFO] [SWEEP_DONE] uploaded=0 failed=0
2025-10-09 00:48:58.674 [INFO] [SWEEP_START] window=2025-10-09T00:46:58 → 2025-10-09T00:48:58; candidates=0
2025-10-09 00:48:58.680 [INFO] [SWEEP_DONE] uploaded=0 failed=0
2025-10-09 00:50:58.747 [INFO] [SWEEP_START] window=2025-10-09T00:48:58 → 2025-10-09T00:50:58; candidates=0
2025-10-09 00:50:58.747 [INFO] [SWEEP_DONE] uploaded=0 failed=0
2025-10-09 00:52:58.812 [INFO] [SWEEP_START] window=2025-10-09T00:50:58 → 2025-10-09T00:52:58; candidates=0
2025-10-09 00:52:58.814 [INFO] [SWEEP_DONE] uploaded=0 failed=0
2025-10-09 00:54:58.863 [INFO] [SWEEP_START] window=2025-10-09T00:52:58 → 2025-10-09T00:54:58; candidates=0
2025-10-09 00:54:58.866 [INFO] [SWEEP_DONE] uploaded=0 failed=0
2025-10-09 00:56:58.937 [INFO] [SWEEP_START] window=2025-10-09T00:54:58 → 2025-10-09T00:56:58; candidates=0
2025-10-09 00:56:58.937 [INFO] [SWEEP_DONE] uploaded=0 failed=0
2025-10-09 00:58:59.007 [INFO] [SWEEP_START] window=2025-10-09T00:56:58 → 2025-10-09T00:58:58; candidates=0
2025-10-09 00:58:59.007 [INFO] [SWEEP_DONE] uploaded=0 failed=0
2025-10-09 01:00:59.050 [INFO] [SWEEP_START] window=2025-10-09T00:58:59 → 2025-10-09T01:00:59; candidates=0
2025-10-09 01:00:59.052 [INFO] [SWEEP_DONE] uploaded=0 failed=0
2025-10-09 01:02:59.105 [INFO] [SWEEP_START] window=2025-10-09T01:00:59 → 2025-10-09T01:02:59; candidates=0
2025-10-09 01:02:59.107 [INFO] [SWEEP_DONE] uploaded=0 failed=0
2025-10-09 01:04:59.150 [INFO] [SWEEP_START] window=2025-10-09T01:02:59 → 2025-10-09T01:04:59; candidates=0
2025-10-09 01:04:59.153 [INFO] [SWEEP_DONE] uploaded=0 failed=0
2025-10-09 01:06:59.202 [INFO] [SWEEP_START] window=2025-10-09T01:04:59 → 2025-10-09T01:06:59; candidates=0
2025-10-09 01:06:59.209 [INFO] [SWEEP_DONE] uploaded=0 failed=0
2025-10-09 01:08:59.266 [INFO] [SWEEP_START] window=2025-10-09T01:06:59 → 2025-10-09T01:08:59; candidates=0
2025-10-09 01:08:59.268 [INFO] [SWEEP_DONE] uploaded=0 failed=0
2025-10-09 01:10:59.317 [INFO] [SWEEP_START] window=2025-10-09T01:08:59 → 2025-10-09T01:10:59; candidates=0
2025-10-09 01:10:59.319 [INFO] [SWEEP_DONE] uploaded=0 failed=0
2025-10-09 01:12:59.378 [INFO] [SWEEP_START] window=2025-10-09T01:10:59 → 2025-10-09T01:12:59; candidates=0
2025-10-09 01:12:59.378 [INFO] [SWEEP_DONE] uploaded=0 failed=0
2025-10-09 01:14:59.428 [INFO] [SWEEP_START] window=2025-10-09T01:12:59 → 2025-10-09T01:14:59; candidates=0
2025-10-09 01:14:59.428 [INFO] [SWEEP_DONE] uploaded=0 failed=0
2025-10-09 01:16:59.475 [INFO] [SWEEP_START] window=2025-10-09T01:14:59 → 2025-10-09T01:16:59; candidates=0
2025-10-09 01:16:59.475 [INFO] [SWEEP_DONE] uploaded=0 failed=0
2025-10-09 01:18:59.531 [INFO] [SWEEP_START] window=2025-10-09T01:16:59 → 2025-10-09T01:18:59; candidates=0
2025-10-09 01:18:59.531 [INFO] [SWEEP_DONE] uploaded=0 failed=0
2025-10-09 01:20:59.604 [INFO] [SWEEP_START] window=2025-10-09T01:18:59 → 2025-10-09T01:20:59; candidates=0
2025-10-09 01:20:59.615 [INFO] [SWEEP_DONE] uploaded=0 failed=0
2025-10-09 01:22:59.669 [INFO] [SWEEP_START] window=2025-10-09T01:20:59 → 2025-10-09T01:22:59; candidates=0
2025-10-09 01:22:59.672 [INFO] [SWEEP_DONE] uploaded=0 failed=0
2025-10-09 01:24:59.722 [INFO] [SWEEP_START] window=2025-10-09T01:22:59 → 2025-10-09T01:24:59; candidates=0
2025-10-09 01:24:59.724 [INFO] [SWEEP_DONE] uploaded=0 failed=0
2025-10-09 01:26:59.787 [INFO] [SWEEP_START] window=2025-10-09T01:24:59 → 2025-10-09T01:26:59; candidates=0
2025-10-09 01:26:59.789 [INFO] [SWEEP_DONE] uploaded=0 failed=0
2025-10-09 01:28:59.846 [INFO] [SWEEP_START] window=2025-10-09T01:26:59 → 2025-10-09T01:28:59; candidates=0
2025-10-09 01:28:59.849 [INFO] [SWEEP_DONE] uploaded=0 failed=0
2025-10-09 01:30:59.895 [INFO] [SWEEP_START] window=2025-10-09T01:28:59 → 2025-10-09T01:30:59; candidates=0
2025-10-09 01:30:59.897 [INFO] [SWEEP_DONE] uploaded=0 failed=0
2025-10-09 01:32:59.943 [INFO] [SWEEP_START] window=2025-10-09T01:30:59 → 2025-10-09T01:32:59; candidates=0
2025-10-09 01:32:59.946 [INFO] [SWEEP_DONE] uploaded=0 failed=0
2025-10-09 01:35:00.008 [INFO] [SWEEP_START] window=2025-10-09T01:32:59 → 2025-10-09T01:34:59; candidates=0
2025-10-09 01:35:00.010 [INFO] [SWEEP_DONE] uploaded=0 failed=0
2025-10-09 01:37:00.068 [INFO] [SWEEP_START] window=2025-10-09T01:35:00 → 2025-10-09T01:37:00; candidates=0
2025-10-09 01:37:00.070 [INFO] [SWEEP_DONE] uploaded=0 failed=0
2025-10-09 01:39:00.128 [INFO] [SWEEP_START] window=2025-10-09T01:37:00 → 2025-10-09T01:39:00; candidates=0
2025-10-09 01:39:00.131 [INFO] [SWEEP_DONE] uploaded=0 failed=0
2025-10-09 01:41:00.168 [INFO] [SWEEP_START] window=2025-10-09T01:39:00 → 2025-10-09T01:41:00; candidates=0
2025-10-09 01:41:00.168 [INFO] [SWEEP_DONE] uploaded=0 failed=0
2025-10-09 01:43:00.237 [INFO] [SWEEP_START] window=2025-10-09T01:41:00 → 2025-10-09T01:43:00; candidates=0
2025-10-09 01:43:00.239 [INFO] [SWEEP_DONE] uploaded=0 failed=0
2025-10-09 01:45:00.298 [INFO] [SWEEP_START] window=2025-10-09T01:43:00 → 2025-10-09T01:45:00; candidates=0
2025-10-09 01:45:00.301 [INFO] [SWEEP_DONE] uploaded=0 failed=0
2025-10-09 01:47:00.349 [INFO] [SWEEP_START] window=2025-10-09T01:45:00 → 2025-10-09T01:47:00; candidates=0
2025-10-09 01:47:00.352 [INFO] [SWEEP_DONE] uploaded=0 failed=0
2025-10-09 01:49:00.401 [INFO] [SWEEP_START] window=2025-10-09T01:47:00 → 2025-10-09T01:49:00; candidates=0
2025-10-09 01:49:00.412 [INFO] [SWEEP_DONE] uploaded=0 failed=0
2025-10-09 01:51:00.490 [INFO] [SWEEP_START] window=2025-10-09T01:49:00 → 2025-10-09T01:51:00; candidates=0
2025-10-09 01:51:00.490 [INFO] [SWEEP_DONE] uploaded=0 failed=0
2025-10-09 01:53:00.549 [INFO] [SWEEP_START] window=2025-10-09T01:51:00 → 2025-10-09T01:53:00; candidates=0
2025-10-09 01:53:00.552 [INFO] [SWEEP_DONE] uploaded=0 failed=0
2025-10-09 01:55:00.598 [INFO] [SWEEP_START] window=2025-10-09T01:53:00 → 2025-10-09T01:55:00; candidates=0
2025-10-09 01:55:00.600 [INFO] [SWEEP_DONE] uploaded=0 failed=0
2025-10-09 01:57:00.654 [INFO] [SWEEP_START] window=2025-10-09T01:55:00 → 2025-10-09T01:57:00; candidates=0
2025-10-09 01:57:00.656 [INFO] [SWEEP_DONE] uploaded=0 failed=0
2025-10-09 01:59:00.705 [INFO] [SWEEP_START] window=2025-10-09T01:57:00 → 2025-10-09T01:59:00; candidates=0
2025-10-09 01:59:00.705 [INFO] [SWEEP_DONE] uploaded=0 failed=0
2025-10-09 02:01:00.757 [INFO] [SWEEP_START] window=2025-10-09T01:59:00 → 2025-10-09T02:01:00; candidates=0
2025-10-09 02:01:00.757 [INFO] [SWEEP_DONE] uploaded=0 failed=0
2025-10-09 02:03:00.810 [INFO] [SWEEP_START] window=2025-10-09T02:01:00 → 2025-10-09T02:03:00; candidates=0
2025-10-09 02:03:00.818 [INFO] [SWEEP_DONE] uploaded=0 failed=0
2025-10-09 02:05:00.877 [INFO] [SWEEP_START] window=2025-10-09T02:03:00 → 2025-10-09T02:05:00; candidates=0
2025-10-09 02:05:00.880 [INFO] [SWEEP_DONE] uploaded=0 failed=0
2025-10-09 02:07:00.938 [INFO] [SWEEP_START] window=2025-10-09T02:05:00 → 2025-10-09T02:07:00; candidates=0
2025-10-09 02:07:00.939 [INFO] [SWEEP_DONE] uploaded=0 failed=0
2025-10-09 02:09:00.990 [INFO] [SWEEP_START] window=2025-10-09T02:07:00 → 2025-10-09T02:09:00; candidates=0
2025-10-09 02:09:00.990 [INFO] [SWEEP_DONE] uploaded=0 failed=0
2025-10-09 02:11:01.029 [INFO] [SWEEP_START] window=2025-10-09T02:09:00 → 2025-10-09T02:11:00; candidates=0
2025-10-09 02:11:01.036 [INFO] [SWEEP_DONE] uploaded=0 failed=0
2025-10-09 02:13:01.095 [INFO] [SWEEP_START] window=2025-10-09T02:11:01 → 2025-10-09T02:13:01; candidates=0
2025-10-09 02:13:01.096 [INFO] [SWEEP_DONE] uploaded=0 failed=0
2025-10-09 02:15:01.151 [INFO] [SWEEP_START] window=2025-10-09T02:13:01 → 2025-10-09T02:15:01; candidates=0
2025-10-09 02:15:01.151 [INFO] [SWEEP_DONE] uploaded=0 failed=0
2025-10-09 02:17:01.197 [INFO] [SWEEP_START] window=2025-10-09T02:15:01 → 2025-10-09T02:17:01; candidates=0
2025-10-09 02:17:01.207 [INFO] [SWEEP_DONE] uploaded=0 failed=0
2025-10-09 02:19:01.256 [INFO] [SWEEP_START] window=2025-10-09T02:17:01 → 2025-10-09T02:19:01; candidates=0
2025-10-09 02:19:01.263 [INFO] [SWEEP_DONE] uploaded=0 failed=0
2025-10-09 02:21:01.318 [INFO] [SWEEP_START] window=2025-10-09T02:19:01 → 2025-10-09T02:21:01; candidates=0
2025-10-09 02:21:01.318 [INFO] [SWEEP_DONE] uploaded=0 failed=0
2025-10-09 02:23:01.369 [INFO] [SWEEP_START] window=2025-10-09T02:21:01 → 2025-10-09T02:23:01; candidates=0
2025-10-09 02:23:01.369 [INFO] [SWEEP_DONE] uploaded=0 failed=0
2025-10-09 02:25:01.419 [INFO] [SWEEP_START] window=2025-10-09T02:23:01 → 2025-10-09T02:25:01; candidates=0
2025-10-09 02:25:01.419 [INFO] [SWEEP_DONE] uploaded=0 failed=0
2025-10-09 02:27:01.467 [INFO] [SWEEP_START] window=2025-10-09T02:25:01 → 2025-10-09T02:27:01; candidates=0
2025-10-09 02:27:01.467 [INFO] [SWEEP_DONE] uploaded=0 failed=0
2025-10-09 02:29:01.533 [INFO] [SWEEP_START] window=2025-10-09T02:27:01 → 2025-10-09T02:29:01; candidates=0
2025-10-09 02:29:01.533 [INFO] [SWEEP_DONE] uploaded=0 failed=0
2025-10-09 02:31:01.597 [INFO] [SWEEP_START] window=2025-10-09T02:29:01 → 2025-10-09T02:31:01; candidates=0
2025-10-09 02:31:01.597 [INFO] [SWEEP_DONE] uploaded=0 failed=0
2025-10-09 02:33:01.641 [INFO] [SWEEP_START] window=2025-10-09T02:31:01 → 2025-10-09T02:33:01; candidates=0
2025-10-09 02:33:01.647 [INFO] [SWEEP_DONE] uploaded=0 failed=0
2025-10-09 02:35:01.691 [INFO] [SWEEP_START] window=2025-10-09T02:33:01 → 2025-10-09T02:35:01; candidates=0
2025-10-09 02:35:01.695 [INFO] [SWEEP_DONE] uploaded=0 failed=0
2025-10-09 02:37:01.749 [INFO] [SWEEP_START] window=2025-10-09T02:35:01 → 2025-10-09T02:37:01; candidates=0
2025-10-09 02:37:01.753 [INFO] [SWEEP_DONE] uploaded=0 failed=0
2025-10-09 02:39:01.801 [INFO] [SWEEP_START] window=2025-10-09T02:37:01 → 2025-10-09T02:39:01; candidates=0
2025-10-09 02:39:01.805 [INFO] [SWEEP_DONE] uploaded=0 failed=0
2025-10-09 02:41:01.861 [INFO] [SWEEP_START] window=2025-10-09T02:39:01 → 2025-10-09T02:41:01; candidates=0
2025-10-09 02:41:01.863 [INFO] [SWEEP_DONE] uploaded=0 failed=0
2025-10-09 02:43:01.914 [INFO] [SWEEP_START] window=2025-10-09T02:41:01 → 2025-10-09T02:43:01; candidates=0
2025-10-09 02:43:01.916 [INFO] [SWEEP_DONE] uploaded=0 failed=0
2025-10-09 02:45:01.973 [INFO] [SWEEP_START] window=2025-10-09T02:43:01 → 2025-10-09T02:45:01; candidates=0
2025-10-09 02:45:01.975 [INFO] [SWEEP_DONE] uploaded=0 failed=0
2025-10-09 02:47:02.022 [INFO] [SWEEP_START] window=2025-10-09T02:45:01 → 2025-10-09T02:47:01; candidates=0
2025-10-09 02:47:02.022 [INFO] [SWEEP_DONE] uploaded=0 failed=0
2025-10-09 02:49:02.109 [INFO] [SWEEP_START] window=2025-10-09T02:47:02 → 2025-10-09T02:49:02; candidates=0
2025-10-09 02:49:02.109 [INFO] [SWEEP_DONE] uploaded=0 failed=0
2025-10-09 02:51:02.167 [INFO] [SWEEP_START] window=2025-10-09T02:49:02 → 2025-10-09T02:51:02; candidates=0
2025-10-09 02:51:02.167 [INFO] [SWEEP_DONE] uploaded=0 failed=0
2025-10-09 02:53:02.220 [INFO] [SWEEP_START] window=2025-10-09T02:51:02 → 2025-10-09T02:53:02; candidates=0
2025-10-09 02:53:02.220 [INFO] [SWEEP_DONE] uploaded=0 failed=0
2025-10-09 02:55:02.267 [INFO] [SWEEP_START] window=2025-10-09T02:53:02 → 2025-10-09T02:55:02; candidates=0
2025-10-09 02:55:02.273 [INFO] [SWEEP_DONE] uploaded=0 failed=0
2025-10-09 02:57:02.334 [INFO] [SWEEP_START] window=2025-10-09T02:55:02 → 2025-10-09T02:57:02; candidates=0
2025-10-09 02:57:02.334 [INFO] [SWEEP_DONE] uploaded=0 failed=0
2025-10-09 02:59:02.393 [INFO] [SWEEP_START] window=2025-10-09T02:57:02 → 2025-10-09T02:59:02; candidates=0
2025-10-09 02:59:02.395 [INFO] [SWEEP_DONE] uploaded=0 failed=0
2025-10-09 03:01:02.469 [INFO] [SWEEP_START] window=2025-10-09T02:59:02 → 2025-10-09T03:01:02; candidates=0
2025-10-09 03:01:02.469 [INFO] [SWEEP_DONE] uploaded=0 failed=0
2025-10-09 03:03:02.560 [INFO] [SWEEP_START] window=2025-10-09T03:01:02 → 2025-10-09T03:03:02; candidates=0
2025-10-09 03:03:02.562 [INFO] [SWEEP_DONE] uploaded=0 failed=0
2025-10-09 03:05:02.613 [INFO] [SWEEP_START] window=2025-10-09T03:03:02 → 2025-10-09T03:05:02; candidates=0
2025-10-09 03:05:02.615 [INFO] [SWEEP_DONE] uploaded=0 failed=0
2025-10-09 03:07:02.675 [INFO] [SWEEP_START] window=2025-10-09T03:05:02 → 2025-10-09T03:07:02; candidates=0
2025-10-09 03:07:02.678 [INFO] [SWEEP_DONE] uploaded=0 failed=0
2025-10-09 03:09:02.713 [INFO] [SWEEP_START] window=2025-10-09T03:07:02 → 2025-10-09T03:09:02; candidates=0
2025-10-09 03:09:02.723 [INFO] [SWEEP_DONE] uploaded=0 failed=0
2025-10-09 03:11:02.771 [INFO] [SWEEP_START] window=2025-10-09T03:09:02 → 2025-10-09T03:11:02; candidates=0
2025-10-09 03:11:02.773 [INFO] [SWEEP_DONE] uploaded=0 failed=0
2025-10-09 03:13:02.854 [INFO] [SWEEP_START] window=2025-10-09T03:11:02 → 2025-10-09T03:13:02; candidates=0
2025-10-09 03:13:02.854 [INFO] [SWEEP_DONE] uploaded=0 failed=0
2025-10-09 03:15:02.907 [INFO] [SWEEP_START] window=2025-10-09T03:13:02 → 2025-10-09T03:15:02; candidates=0
2025-10-09 03:15:02.911 [INFO] [SWEEP_DONE] uploaded=0 failed=0
2025-10-09 03:17:02.960 [INFO] [SWEEP_START] window=2025-10-09T03:15:02 → 2025-10-09T03:17:02; candidates=0
2025-10-09 03:17:02.961 [INFO] [SWEEP_DONE] uploaded=0 failed=0
2025-10-09 03:19:03.013 [INFO] [SWEEP_START] window=2025-10-09T03:17:02 → 2025-10-09T03:19:02; candidates=0
2025-10-09 03:19:03.021 [INFO] [SWEEP_DONE] uploaded=0 failed=0
2025-10-09 03:21:03.083 [INFO] [SWEEP_START] window=2025-10-09T03:19:03 → 2025-10-09T03:21:03; candidates=0
2025-10-09 03:21:03.087 [INFO] [SWEEP_DONE] uploaded=0 failed=0
2025-10-09 03:23:03.154 [INFO] [SWEEP_START] window=2025-10-09T03:21:03 → 2025-10-09T03:23:03; candidates=0
2025-10-09 03:23:03.157 [INFO] [SWEEP_DONE] uploaded=0 failed=0
2025-10-09 03:25:03.204 [INFO] [SWEEP_START] window=2025-10-09T03:23:03 → 2025-10-09T03:25:03; candidates=0
2025-10-09 03:25:03.204 [INFO] [SWEEP_DONE] uploaded=0 failed=0
2025-10-09 03:27:03.267 [INFO] [SWEEP_START] window=2025-10-09T03:25:03 → 2025-10-09T03:27:03; candidates=0
2025-10-09 03:27:03.269 [INFO] [SWEEP_DONE] uploaded=0 failed=0
2025-10-09 03:29:03.333 [INFO] [SWEEP_START] window=2025-10-09T03:27:03 → 2025-10-09T03:29:03; candidates=0
2025-10-09 03:29:03.333 [INFO] [SWEEP_DONE] uploaded=0 failed=0
2025-10-09 03:31:03.391 [INFO] [SWEEP_START] window=2025-10-09T03:29:03 → 2025-10-09T03:31:03; candidates=0
2025-10-09 03:31:03.393 [INFO] [SWEEP_DONE] uploaded=0 failed=0
2025-10-09 03:33:03.439 [INFO] [SWEEP_START] window=2025-10-09T03:31:03 → 2025-10-09T03:33:03; candidates=0
2025-10-09 03:33:03.445 [INFO] [SWEEP_DONE] uploaded=0 failed=0
2025-10-09 03:35:03.508 [INFO] [SWEEP_START] window=2025-10-09T03:33:03 → 2025-10-09T03:35:03; candidates=0
2025-10-09 03:35:03.510 [INFO] [SWEEP_DONE] uploaded=0 failed=0
2025-10-09 03:37:03.561 [INFO] [SWEEP_START] window=2025-10-09T03:35:03 → 2025-10-09T03:37:03; candidates=0
2025-10-09 03:37:03.561 [INFO] [SWEEP_DONE] uploaded=0 failed=0
2025-10-09 03:39:03.620 [INFO] [SWEEP_START] window=2025-10-09T03:37:03 → 2025-10-09T03:39:03; candidates=0
2025-10-09 03:39:03.620 [INFO] [SWEEP_DONE] uploaded=0 failed=0
2025-10-09 03:41:03.675 [INFO] [SWEEP_START] window=2025-10-09T03:39:03 → 2025-10-09T03:41:03; candidates=0
2025-10-09 03:41:03.677 [INFO] [SWEEP_DONE] uploaded=0 failed=0
2025-10-09 03:43:03.741 [INFO] [SWEEP_START] window=2025-10-09T03:41:03 → 2025-10-09T03:43:03; candidates=0
2025-10-09 03:43:03.745 [INFO] [SWEEP_DONE] uploaded=0 failed=0
2025-10-09 03:45:03.800 [INFO] [SWEEP_START] window=2025-10-09T03:43:03 → 2025-10-09T03:45:03; candidates=0
2025-10-09 03:45:03.803 [INFO] [SWEEP_DONE] uploaded=0 failed=0
2025-10-09 03:47:03.860 [INFO] [SWEEP_START] window=2025-10-09T03:45:03 → 2025-10-09T03:47:03; candidates=0
2025-10-09 03:47:03.864 [INFO] [SWEEP_DONE] uploaded=0 failed=0
2025-10-09 03:49:03.914 [INFO] [SWEEP_START] window=2025-10-09T03:47:03 → 2025-10-09T03:49:03; candidates=0
2025-10-09 03:49:03.914 [INFO] [SWEEP_DONE] uploaded=0 failed=0
2025-10-09 03:51:03.997 [INFO] [SWEEP_START] window=2025-10-09T03:49:03 → 2025-10-09T03:51:03; candidates=0
2025-10-09 03:51:04.000 [INFO] [SWEEP_DONE] uploaded=0 failed=0
2025-10-09 03:53:04.050 [INFO] [SWEEP_START] window=2025-10-09T03:51:04 → 2025-10-09T03:53:04; candidates=0
2025-10-09 03:53:04.053 [INFO] [SWEEP_DONE] uploaded=0 failed=0
2025-10-09 03:55:04.112 [INFO] [SWEEP_START] window=2025-10-09T03:53:04 → 2025-10-09T03:55:04; candidates=0
2025-10-09 03:55:04.116 [INFO] [SWEEP_DONE] uploaded=0 failed=0
2025-10-09 03:57:04.176 [INFO] [SWEEP_START] window=2025-10-09T03:55:04 → 2025-10-09T03:57:04; candidates=0
2025-10-09 03:57:04.177 [INFO] [SWEEP_DONE] uploaded=0 failed=0
2025-10-09 03:59:04.215 [INFO] [SWEEP_START] window=2025-10-09T03:57:04 → 2025-10-09T03:59:04; candidates=0
2025-10-09 03:59:04.215 [INFO] [SWEEP_DONE] uploaded=0 failed=0
2025-10-09 04:01:04.276 [INFO] [SWEEP_START] window=2025-10-09T03:59:04 → 2025-10-09T04:01:04; candidates=0
2025-10-09 04:01:04.278 [INFO] [SWEEP_DONE] uploaded=0 failed=0
2025-10-09 04:03:04.324 [INFO] [SWEEP_START] window=2025-10-09T04:01:04 → 2025-10-09T04:03:04; candidates=0
2025-10-09 04:03:04.324 [INFO] [SWEEP_DONE] uploaded=0 failed=0
2025-10-09 04:05:04.377 [INFO] [SWEEP_START] window=2025-10-09T04:03:04 → 2025-10-09T04:05:04; candidates=0
2025-10-09 04:05:04.380 [INFO] [SWEEP_DONE] uploaded=0 failed=0
2025-10-09 04:07:04.435 [INFO] [SWEEP_START] window=2025-10-09T04:05:04 → 2025-10-09T04:07:04; candidates=0
2025-10-09 04:07:04.435 [INFO] [SWEEP_DONE] uploaded=0 failed=0
2025-10-09 04:09:04.489 [INFO] [SWEEP_START] window=2025-10-09T04:07:04 → 2025-10-09T04:09:04; candidates=0
2025-10-09 04:09:04.490 [INFO] [SWEEP_DONE] uploaded=0 failed=0
2025-10-09 04:11:04.552 [INFO] [SWEEP_START] window=2025-10-09T04:09:04 → 2025-10-09T04:11:04; candidates=0
2025-10-09 04:11:04.553 [INFO] [SWEEP_DONE] uploaded=0 failed=0
2025-10-09 04:13:04.605 [INFO] [SWEEP_START] window=2025-10-09T04:11:04 → 2025-10-09T04:13:04; candidates=0
2025-10-09 04:13:04.616 [INFO] [SWEEP_DONE] uploaded=0 failed=0
2025-10-09 04:15:04.678 [INFO] [SWEEP_START] window=2025-10-09T04:13:04 → 2025-10-09T04:15:04; candidates=0
2025-10-09 04:15:04.680 [INFO] [SWEEP_DONE] uploaded=0 failed=0
2025-10-09 04:17:04.744 [INFO] [SWEEP_START] window=2025-10-09T04:15:04 → 2025-10-09T04:17:04; candidates=0
2025-10-09 04:17:04.746 [INFO] [SWEEP_DONE] uploaded=0 failed=0
2025-10-09 04:19:04.800 [INFO] [SWEEP_START] window=2025-10-09T04:17:04 → 2025-10-09T04:19:04; candidates=0
2025-10-09 04:19:04.802 [INFO] [SWEEP_DONE] uploaded=0 failed=0
2025-10-09 04:21:04.853 [INFO] [SWEEP_START] window=2025-10-09T04:19:04 → 2025-10-09T04:21:04; candidates=0
2025-10-09 04:21:04.853 [INFO] [SWEEP_DONE] uploaded=0 failed=0
2025-10-09 04:23:04.904 [INFO] [SWEEP_START] window=2025-10-09T04:21:04 → 2025-10-09T04:23:04; candidates=0
2025-10-09 04:23:04.914 [INFO] [SWEEP_DONE] uploaded=0 failed=0
2025-10-09 04:25:04.968 [INFO] [SWEEP_START] window=2025-10-09T04:23:04 → 2025-10-09T04:25:04; candidates=0
2025-10-09 04:25:04.974 [INFO] [SWEEP_DONE] uploaded=0 failed=0
2025-10-09 04:27:05.030 [INFO] [SWEEP_START] window=2025-10-09T04:25:04 → 2025-10-09T04:27:04; candidates=0
2025-10-09 04:27:05.030 [INFO] [SWEEP_DONE] uploaded=0 failed=0
2025-10-09 04:29:05.081 [INFO] [SWEEP_START] window=2025-10-09T04:27:05 → 2025-10-09T04:29:05; candidates=0
2025-10-09 04:29:05.086 [INFO] [SWEEP_DONE] uploaded=0 failed=0
2025-10-09 04:31:05.134 [INFO] [SWEEP_START] window=2025-10-09T04:29:05 → 2025-10-09T04:31:05; candidates=0
2025-10-09 04:31:05.144 [INFO] [SWEEP_DONE] uploaded=0 failed=0
2025-10-09 04:33:05.202 [INFO] [SWEEP_START] window=2025-10-09T04:31:05 → 2025-10-09T04:33:05; candidates=0
2025-10-09 04:33:05.209 [INFO] [SWEEP_DONE] uploaded=0 failed=0
2025-10-09 04:35:05.263 [INFO] [SWEEP_START] window=2025-10-09T04:33:05 → 2025-10-09T04:35:05; candidates=0
2025-10-09 04:35:05.271 [INFO] [SWEEP_DONE] uploaded=0 failed=0
2025-10-09 04:37:05.334 [INFO] [SWEEP_START] window=2025-10-09T04:35:05 → 2025-10-09T04:37:05; candidates=0
2025-10-09 04:37:05.336 [INFO] [SWEEP_DONE] uploaded=0 failed=0
2025-10-09 04:39:05.395 [INFO] [SWEEP_START] window=2025-10-09T04:37:05 → 2025-10-09T04:39:05; candidates=0
2025-10-09 04:39:05.398 [INFO] [SWEEP_DONE] uploaded=0 failed=0
2025-10-09 04:41:05.466 [INFO] [SWEEP_START] window=2025-10-09T04:39:05 → 2025-10-09T04:41:05; candidates=0
2025-10-09 04:41:05.466 [INFO] [SWEEP_DONE] uploaded=0 failed=0
2025-10-09 04:43:05.521 [INFO] [SWEEP_START] window=2025-10-09T04:41:05 → 2025-10-09T04:43:05; candidates=0
2025-10-09 04:43:05.521 [INFO] [SWEEP_DONE] uploaded=0 failed=0
2025-10-09 04:45:05.582 [INFO] [SWEEP_START] window=2025-10-09T04:43:05 → 2025-10-09T04:45:05; candidates=0
2025-10-09 04:45:05.585 [INFO] [SWEEP_DONE] uploaded=0 failed=0
2025-10-09 04:47:05.648 [INFO] [SWEEP_START] window=2025-10-09T04:45:05 → 2025-10-09T04:47:05; candidates=0
2025-10-09 04:47:05.651 [INFO] [SWEEP_DONE] uploaded=0 failed=0
2025-10-09 04:49:05.696 [INFO] [SWEEP_START] window=2025-10-09T04:47:05 → 2025-10-09T04:49:05; candidates=0
2025-10-09 04:49:05.696 [INFO] [SWEEP_DONE] uploaded=0 failed=0
2025-10-09 04:51:05.751 [INFO] [SWEEP_START] window=2025-10-09T04:49:05 → 2025-10-09T04:51:05; candidates=0
2025-10-09 04:51:05.751 [INFO] [SWEEP_DONE] uploaded=0 failed=0
2025-10-09 04:53:05.798 [INFO] [SWEEP_START] window=2025-10-09T04:51:05 → 2025-10-09T04:53:05; candidates=0
2025-10-09 04:53:05.798 [INFO] [SWEEP_DONE] uploaded=0 failed=0
2025-10-09 04:55:05.862 [INFO] [SWEEP_START] window=2025-10-09T04:53:05 → 2025-10-09T04:55:05; candidates=0
2025-10-09 04:55:05.864 [INFO] [SWEEP_DONE] uploaded=0 failed=0
2025-10-09 04:57:05.912 [INFO] [SWEEP_START] window=2025-10-09T04:55:05 → 2025-10-09T04:57:05; candidates=0
2025-10-09 04:57:05.916 [INFO] [SWEEP_DONE] uploaded=0 failed=0
2025-10-09 04:59:05.969 [INFO] [SWEEP_START] window=2025-10-09T04:57:05 → 2025-10-09T04:59:05; candidates=0
2025-10-09 04:59:05.972 [INFO] [SWEEP_DONE] uploaded=0 failed=0
2025-10-09 05:01:06.017 [INFO] [SWEEP_START] window=2025-10-09T04:59:05 → 2025-10-09T05:01:05; candidates=0
2025-10-09 05:01:06.017 [INFO] [SWEEP_DONE] uploaded=0 failed=0
2025-10-09 05:03:06.091 [INFO] [SWEEP_START] window=2025-10-09T05:01:06 → 2025-10-09T05:03:06; candidates=0
2025-10-09 05:03:06.091 [INFO] [SWEEP_DONE] uploaded=0 failed=0
2025-10-09 05:05:06.160 [INFO] [SWEEP_START] window=2025-10-09T05:03:06 → 2025-10-09T05:05:06; candidates=0
2025-10-09 05:05:06.162 [INFO] [SWEEP_DONE] uploaded=0 failed=0
2025-10-09 05:07:06.230 [INFO] [SWEEP_START] window=2025-10-09T05:05:06 → 2025-10-09T05:07:06; candidates=0
2025-10-09 05:07:06.230 [INFO] [SWEEP_DONE] uploaded=0 failed=0
2025-10-09 05:09:06.276 [INFO] [SWEEP_START] window=2025-10-09T05:07:06 → 2025-10-09T05:09:06; candidates=0
2025-10-09 05:09:06.287 [INFO] [SWEEP_DONE] uploaded=0 failed=0
2025-10-09 05:11:06.344 [INFO] [SWEEP_START] window=2025-10-09T05:09:06 → 2025-10-09T05:11:06; candidates=0
2025-10-09 05:11:06.346 [INFO] [SWEEP_DONE] uploaded=0 failed=0
2025-10-09 05:13:06.396 [INFO] [SWEEP_START] window=2025-10-09T05:11:06 → 2025-10-09T05:13:06; candidates=0
2025-10-09 05:13:06.396 [INFO] [SWEEP_DONE] uploaded=0 failed=0
2025-10-09 05:15:06.447 [INFO] [SWEEP_START] window=2025-10-09T05:13:06 → 2025-10-09T05:15:06; candidates=0
2025-10-09 05:15:06.449 [INFO] [SWEEP_DONE] uploaded=0 failed=0
2025-10-09 05:17:06.499 [INFO] [SWEEP_START] window=2025-10-09T05:15:06 → 2025-10-09T05:17:06; candidates=0
2025-10-09 05:17:06.507 [INFO] [SWEEP_DONE] uploaded=0 failed=0
2025-10-09 05:19:06.553 [INFO] [SWEEP_START] window=2025-10-09T05:17:06 → 2025-10-09T05:19:06; candidates=0
2025-10-09 05:19:06.553 [INFO] [SWEEP_DONE] uploaded=0 failed=0
2025-10-09 05:21:06.591 [INFO] [SWEEP_START] window=2025-10-09T05:19:06 → 2025-10-09T05:21:06; candidates=0
2025-10-09 05:21:06.601 [INFO] [SWEEP_DONE] uploaded=0 failed=0
2025-10-09 05:23:06.667 [INFO] [SWEEP_START] window=2025-10-09T05:21:06 → 2025-10-09T05:23:06; candidates=0
2025-10-09 05:23:06.668 [INFO] [SWEEP_DONE] uploaded=0 failed=0
2025-10-09 05:25:06.728 [INFO] [SWEEP_START] window=2025-10-09T05:23:06 → 2025-10-09T05:25:06; candidates=0
2025-10-09 05:25:06.738 [INFO] [SWEEP_DONE] uploaded=0 failed=0
2025-10-09 05:27:06.783 [INFO] [SWEEP_START] window=2025-10-09T05:25:06 → 2025-10-09T05:27:06; candidates=0
2025-10-09 05:27:06.789 [INFO] [SWEEP_DONE] uploaded=0 failed=0
2025-10-09 05:29:06.845 [INFO] [SWEEP_START] window=2025-10-09T05:27:06 → 2025-10-09T05:29:06; candidates=0
2025-10-09 05:29:06.847 [INFO] [SWEEP_DONE] uploaded=0 failed=0
2025-10-09 05:31:06.895 [INFO] [SWEEP_START] window=2025-10-09T05:29:06 → 2025-10-09T05:31:06; candidates=0
2025-10-09 05:31:06.897 [INFO] [SWEEP_DONE] uploaded=0 failed=0
2025-10-09 05:33:06.961 [INFO] [SWEEP_START] window=2025-10-09T05:31:06 → 2025-10-09T05:33:06; candidates=0
2025-10-09 05:33:06.964 [INFO] [SWEEP_DONE] uploaded=0 failed=0
2025-10-09 05:35:07.021 [INFO] [SWEEP_START] window=2025-10-09T05:33:06 → 2025-10-09T05:35:06; candidates=0
2025-10-09 05:35:07.023 [INFO] [SWEEP_DONE] uploaded=0 failed=0
2025-10-09 05:37:07.083 [INFO] [SWEEP_START] window=2025-10-09T05:35:07 → 2025-10-09T05:37:07; candidates=0
2025-10-09 05:37:07.084 [INFO] [SWEEP_DONE] uploaded=0 failed=0
2025-10-09 05:39:07.130 [INFO] [SWEEP_START] window=2025-10-09T05:37:07 → 2025-10-09T05:39:07; candidates=0
2025-10-09 05:39:07.131 [INFO] [SWEEP_DONE] uploaded=0 failed=0
2025-10-09 05:41:07.195 [INFO] [SWEEP_START] window=2025-10-09T05:39:07 → 2025-10-09T05:41:07; candidates=0
2025-10-09 05:41:07.195 [INFO] [SWEEP_DONE] uploaded=0 failed=0
2025-10-09 05:43:07.251 [INFO] [SWEEP_START] window=2025-10-09T05:41:07 → 2025-10-09T05:43:07; candidates=0
2025-10-09 05:43:07.251 [INFO] [SWEEP_DONE] uploaded=0 failed=0
2025-10-09 05:45:07.299 [INFO] [SWEEP_START] window=2025-10-09T05:43:07 → 2025-10-09T05:45:07; candidates=0
2025-10-09 05:45:07.301 [INFO] [SWEEP_DONE] uploaded=0 failed=0
2025-10-09 05:47:07.363 [INFO] [SWEEP_START] window=2025-10-09T05:45:07 → 2025-10-09T05:47:07; candidates=0
2025-10-09 05:47:07.367 [INFO] [SWEEP_DONE] uploaded=0 failed=0
2025-10-09 05:49:07.423 [INFO] [SWEEP_START] window=2025-10-09T05:47:07 → 2025-10-09T05:49:07; candidates=0
2025-10-09 05:49:07.423 [INFO] [SWEEP_DONE] uploaded=0 failed=0
2025-10-09 05:51:07.470 [INFO] [SWEEP_START] window=2025-10-09T05:49:07 → 2025-10-09T05:51:07; candidates=0
2025-10-09 05:51:07.470 [INFO] [SWEEP_DONE] uploaded=0 failed=0
2025-10-09 05:53:07.524 [INFO] [SWEEP_START] window=2025-10-09T05:51:07 → 2025-10-09T05:53:07; candidates=0
2025-10-09 05:53:07.524 [INFO] [SWEEP_DONE] uploaded=0 failed=0
2025-10-09 05:55:07.571 [INFO] [SWEEP_START] window=2025-10-09T05:53:07 → 2025-10-09T05:55:07; candidates=0
2025-10-09 05:55:07.581 [INFO] [SWEEP_DONE] uploaded=0 failed=0
2025-10-09 05:57:07.624 [INFO] [SWEEP_START] window=2025-10-09T05:55:07 → 2025-10-09T05:57:07; candidates=0
2025-10-09 05:57:07.624 [INFO] [SWEEP_DONE] uploaded=0 failed=0
2025-10-09 05:59:07.673 [INFO] [SWEEP_START] window=2025-10-09T05:57:07 → 2025-10-09T05:59:07; candidates=0
2025-10-09 05:59:07.676 [INFO] [SWEEP_DONE] uploaded=0 failed=0
2025-10-09 06:01:07.721 [INFO] [SWEEP_START] window=2025-10-09T05:59:07 → 2025-10-09T06:01:07; candidates=0
2025-10-09 06:01:07.724 [INFO] [SWEEP_DONE] uploaded=0 failed=0
2025-10-09 06:03:07.766 [INFO] [SWEEP_START] window=2025-10-09T06:01:07 → 2025-10-09T06:03:07; candidates=0
2025-10-09 06:03:07.771 [INFO] [SWEEP_DONE] uploaded=0 failed=0
2025-10-09 06:05:07.833 [INFO] [SWEEP_START] window=2025-10-09T06:03:07 → 2025-10-09T06:05:07; candidates=0
2025-10-09 06:05:07.834 [INFO] [SWEEP_DONE] uploaded=0 failed=0
2025-10-09 06:07:07.877 [INFO] [SWEEP_START] window=2025-10-09T06:05:07 → 2025-10-09T06:07:07; candidates=0
2025-10-09 06:07:07.877 [INFO] [SWEEP_DONE] uploaded=0 failed=0
2025-10-09 06:09:07.935 [INFO] [SWEEP_START] window=2025-10-09T06:07:07 → 2025-10-09T06:09:07; candidates=0
2025-10-09 06:09:07.943 [INFO] [SWEEP_DONE] uploaded=0 failed=0
2025-10-09 06:11:07.997 [INFO] [SWEEP_START] window=2025-10-09T06:09:07 → 2025-10-09T06:11:07; candidates=0
2025-10-09 06:11:08.007 [INFO] [SWEEP_DONE] uploaded=0 failed=0
2025-10-09 06:13:08.064 [INFO] [SWEEP_START] window=2025-10-09T06:11:08 → 2025-10-09T06:13:08; candidates=0
2025-10-09 06:13:08.065 [INFO] [SWEEP_DONE] uploaded=0 failed=0
2025-10-09 06:15:08.136 [INFO] [SWEEP_START] window=2025-10-09T06:13:08 → 2025-10-09T06:15:08; candidates=0
2025-10-09 06:15:08.138 [INFO] [SWEEP_DONE] uploaded=0 failed=0
2025-10-09 06:17:08.189 [INFO] [SWEEP_START] window=2025-10-09T06:15:08 → 2025-10-09T06:17:08; candidates=0
2025-10-09 06:17:08.193 [INFO] [SWEEP_DONE] uploaded=0 failed=0
2025-10-09 06:19:08.248 [INFO] [SWEEP_START] window=2025-10-09T06:17:08 → 2025-10-09T06:19:08; candidates=0
2025-10-09 06:19:08.253 [INFO] [SWEEP_DONE] uploaded=0 failed=0
2025-10-09 06:21:08.299 [INFO] [SWEEP_START] window=2025-10-09T06:19:08 → 2025-10-09T06:21:08; candidates=0
2025-10-09 06:21:08.301 [INFO] [SWEEP_DONE] uploaded=0 failed=0
2025-10-09 06:23:08.357 [INFO] [SWEEP_START] window=2025-10-09T06:21:08 → 2025-10-09T06:23:08; candidates=0
2025-10-09 06:23:08.357 [INFO] [SWEEP_DONE] uploaded=0 failed=0
2025-10-09 06:25:08.410 [INFO] [SWEEP_START] window=2025-10-09T06:23:08 → 2025-10-09T06:25:08; candidates=0
2025-10-09 06:25:08.415 [INFO] [SWEEP_DONE] uploaded=0 failed=0
2025-10-09 06:27:08.462 [INFO] [SWEEP_START] window=2025-10-09T06:25:08 → 2025-10-09T06:27:08; candidates=0
2025-10-09 06:27:08.472 [INFO] [SWEEP_DONE] uploaded=0 failed=0
2025-10-09 06:29:08.522 [INFO] [SWEEP_START] window=2025-10-09T06:27:08 → 2025-10-09T06:29:08; candidates=0
2025-10-09 06:29:08.522 [INFO] [SWEEP_DONE] uploaded=0 failed=0
2025-10-09 06:31:08.586 [INFO] [SWEEP_START] window=2025-10-09T06:29:08 → 2025-10-09T06:31:08; candidates=0
2025-10-09 06:31:08.596 [INFO] [SWEEP_DONE] uploaded=0 failed=0
2025-10-09 06:33:08.645 [INFO] [SWEEP_START] window=2025-10-09T06:31:08 → 2025-10-09T06:33:08; candidates=0
2025-10-09 06:33:08.647 [INFO] [SWEEP_DONE] uploaded=0 failed=0
2025-10-09 06:35:08.695 [INFO] [SWEEP_START] window=2025-10-09T06:33:08 → 2025-10-09T06:35:08; candidates=0
2025-10-09 06:35:08.695 [INFO] [SWEEP_DONE] uploaded=0 failed=0
2025-10-09 06:37:08.738 [INFO] [SWEEP_START] window=2025-10-09T06:35:08 → 2025-10-09T06:37:08; candidates=0
2025-10-09 06:37:08.741 [INFO] [SWEEP_DONE] uploaded=0 failed=0
2025-10-09 06:39:08.808 [INFO] [SWEEP_START] window=2025-10-09T06:37:08 → 2025-10-09T06:39:08; candidates=0
2025-10-09 06:39:08.808 [INFO] [SWEEP_DONE] uploaded=0 failed=0
2025-10-09 06:41:08.854 [INFO] [SWEEP_START] window=2025-10-09T06:39:08 → 2025-10-09T06:41:08; candidates=0
2025-10-09 06:41:08.854 [INFO] [SWEEP_DONE] uploaded=0 failed=0
2025-10-09 06:43:08.903 [INFO] [SWEEP_START] window=2025-10-09T06:41:08 → 2025-10-09T06:43:08; candidates=0
2025-10-09 06:43:08.913 [INFO] [SWEEP_DONE] uploaded=0 failed=0
2025-10-09 06:45:08.991 [INFO] [SWEEP_START] window=2025-10-09T06:43:08 → 2025-10-09T06:45:08; candidates=0
2025-10-09 06:45:08.996 [INFO] [SWEEP_DONE] uploaded=0 failed=0
2025-10-09 06:47:09.047 [INFO] [SWEEP_START] window=2025-10-09T06:45:09 → 2025-10-09T06:47:09; candidates=0
2025-10-09 06:47:09.047 [INFO] [SWEEP_DONE] uploaded=0 failed=0
2025-10-09 06:49:09.099 [INFO] [SWEEP_START] window=2025-10-09T06:47:09 → 2025-10-09T06:49:09; candidates=0
2025-10-09 06:49:09.101 [INFO] [SWEEP_DONE] uploaded=0 failed=0
2025-10-09 06:51:09.156 [INFO] [SWEEP_START] window=2025-10-09T06:49:09 → 2025-10-09T06:51:09; candidates=0
2025-10-09 06:51:09.159 [INFO] [SWEEP_DONE] uploaded=0 failed=0
2025-10-09 06:53:09.207 [INFO] [SWEEP_START] window=2025-10-09T06:51:09 → 2025-10-09T06:53:09; candidates=0
2025-10-09 06:53:09.211 [INFO] [SWEEP_DONE] uploaded=0 failed=0
2025-10-09 06:55:09.265 [INFO] [SWEEP_START] window=2025-10-09T06:53:09 → 2025-10-09T06:55:09; candidates=0
2025-10-09 06:55:09.265 [INFO] [SWEEP_DONE] uploaded=0 failed=0
2025-10-09 06:57:09.314 [INFO] [SWEEP_START] window=2025-10-09T06:55:09 → 2025-10-09T06:57:09; candidates=0
2025-10-09 06:57:09.321 [INFO] [SWEEP_DONE] uploaded=0 failed=0
2025-10-09 06:59:09.385 [INFO] [SWEEP_START] window=2025-10-09T06:57:09 → 2025-10-09T06:59:09; candidates=0
2025-10-09 06:59:09.387 [INFO] [SWEEP_DONE] uploaded=0 failed=0
2025-10-09 07:01:09.465 [INFO] [SWEEP_START] window=2025-10-09T06:59:09 → 2025-10-09T07:01:09; candidates=0
2025-10-09 07:01:09.467 [INFO] [SWEEP_DONE] uploaded=0 failed=0
2025-10-09 07:03:09.510 [INFO] [SWEEP_START] window=2025-10-09T07:01:09 → 2025-10-09T07:03:09; candidates=0
2025-10-09 07:03:09.520 [INFO] [SWEEP_DONE] uploaded=0 failed=0
2025-10-09 07:05:09.572 [INFO] [SWEEP_START] window=2025-10-09T07:03:09 → 2025-10-09T07:05:09; candidates=0
2025-10-09 07:05:09.574 [INFO] [SWEEP_DONE] uploaded=0 failed=0
2025-10-09 07:07:09.631 [INFO] [SWEEP_START] window=2025-10-09T07:05:09 → 2025-10-09T07:07:09; candidates=0
2025-10-09 07:07:09.631 [INFO] [SWEEP_DONE] uploaded=0 failed=0
2025-10-09 07:09:09.701 [INFO] [SWEEP_START] window=2025-10-09T07:07:09 → 2025-10-09T07:09:09; candidates=0
2025-10-09 07:09:09.701 [INFO] [SWEEP_DONE] uploaded=0 failed=0
2025-10-09 07:11:09.754 [INFO] [SWEEP_START] window=2025-10-09T07:09:09 → 2025-10-09T07:11:09; candidates=0
2025-10-09 07:11:09.756 [INFO] [SWEEP_DONE] uploaded=0 failed=0
2025-10-09 07:13:09.804 [INFO] [SWEEP_START] window=2025-10-09T07:11:09 → 2025-10-09T07:13:09; candidates=0
2025-10-09 07:13:09.804 [INFO] [SWEEP_DONE] uploaded=0 failed=0
2025-10-09 07:15:09.855 [INFO] [SWEEP_START] window=2025-10-09T07:13:09 → 2025-10-09T07:15:09; candidates=0
2025-10-09 07:15:09.855 [INFO] [SWEEP_DONE] uploaded=0 failed=0
2025-10-09 07:17:09.915 [INFO] [SWEEP_START] window=2025-10-09T07:15:09 → 2025-10-09T07:17:09; candidates=0
2025-10-09 07:17:09.915 [INFO] [SWEEP_DONE] uploaded=0 failed=0
2025-10-09 07:19:09.988 [INFO] [SWEEP_START] window=2025-10-09T07:17:09 → 2025-10-09T07:19:09; candidates=0
2025-10-09 07:19:09.990 [INFO] [SWEEP_DONE] uploaded=0 failed=0
2025-10-09 07:21:10.035 [INFO] [SWEEP_START] window=2025-10-09T07:19:09 → 2025-10-09T07:21:09; candidates=0
2025-10-09 07:21:10.039 [INFO] [SWEEP_DONE] uploaded=0 failed=0
2025-10-09 07:23:10.099 [INFO] [SWEEP_START] window=2025-10-09T07:21:10 → 2025-10-09T07:23:10; candidates=0
2025-10-09 07:23:10.099 [INFO] [SWEEP_DONE] uploaded=0 failed=0
2025-10-09 07:25:10.139 [INFO] [SWEEP_START] window=2025-10-09T07:23:10 → 2025-10-09T07:25:10; candidates=0
2025-10-09 07:25:10.146 [INFO] [SWEEP_DONE] uploaded=0 failed=0
2025-10-09 07:27:10.227 [INFO] [SWEEP_START] window=2025-10-09T07:25:10 → 2025-10-09T07:27:10; candidates=0
2025-10-09 07:27:10.240 [INFO] [SWEEP_DONE] uploaded=0 failed=0
2025-10-09 07:29:10.287 [INFO] [SWEEP_START] window=2025-10-09T07:27:10 → 2025-10-09T07:29:10; candidates=0
2025-10-09 07:29:10.287 [INFO] [SWEEP_DONE] uploaded=0 failed=0
2025-10-09 07:31:10.348 [INFO] [SWEEP_START] window=2025-10-09T07:29:10 → 2025-10-09T07:31:10; candidates=0
2025-10-09 07:31:10.351 [INFO] [SWEEP_DONE] uploaded=0 failed=0
2025-10-09 07:33:10.406 [INFO] [SWEEP_START] window=2025-10-09T07:31:10 → 2025-10-09T07:33:10; candidates=0
2025-10-09 07:33:10.406 [INFO] [SWEEP_DONE] uploaded=0 failed=0
2025-10-09 07:35:10.456 [INFO] [SWEEP_START] window=2025-10-09T07:33:10 → 2025-10-09T07:35:10; candidates=0
2025-10-09 07:35:10.459 [INFO] [SWEEP_DONE] uploaded=0 failed=0
2025-10-09 07:37:10.552 [INFO] [SWEEP_START] window=2025-10-09T07:35:10 → 2025-10-09T07:37:10; candidates=0
2025-10-09 07:37:10.554 [INFO] [SWEEP_DONE] uploaded=0 failed=0
2025-10-09 07:39:10.602 [INFO] [SWEEP_START] window=2025-10-09T07:37:10 → 2025-10-09T07:39:10; candidates=0
2025-10-09 07:39:10.602 [INFO] [SWEEP_DONE] uploaded=0 failed=0
2025-10-09 07:41:10.663 [INFO] [SWEEP_START] window=2025-10-09T07:39:10 → 2025-10-09T07:41:10; candidates=0
2025-10-09 07:41:10.664 [INFO] [SWEEP_DONE] uploaded=0 failed=0
2025-10-09 07:43:10.722 [INFO] [SWEEP_START] window=2025-10-09T07:41:10 → 2025-10-09T07:43:10; candidates=0
2025-10-09 07:43:10.725 [INFO] [SWEEP_DONE] uploaded=0 failed=0
2025-10-09 07:45:10.801 [INFO] [SWEEP_START] window=2025-10-09T07:43:10 → 2025-10-09T07:45:10; candidates=0
2025-10-09 07:45:10.805 [INFO] [SWEEP_DONE] uploaded=0 failed=0
2025-10-09 07:47:10.853 [INFO] [SWEEP_START] window=2025-10-09T07:45:10 → 2025-10-09T07:47:10; candidates=0
2025-10-09 07:47:10.853 [INFO] [SWEEP_DONE] uploaded=0 failed=0
2025-10-09 07:49:10.910 [INFO] [SWEEP_START] window=2025-10-09T07:47:10 → 2025-10-09T07:49:10; candidates=0
2025-10-09 07:49:10.913 [INFO] [SWEEP_DONE] uploaded=0 failed=0
2025-10-09 07:51:10.990 [INFO] [SWEEP_START] window=2025-10-09T07:49:10 → 2025-10-09T07:51:10; candidates=0
2025-10-09 07:51:10.991 [INFO] [SWEEP_DONE] uploaded=0 failed=0
2025-10-09 07:53:11.061 [INFO] [SWEEP_START] window=2025-10-09T07:51:11 → 2025-10-09T07:53:11; candidates=0
2025-10-09 07:53:11.061 [INFO] [SWEEP_DONE] uploaded=0 failed=0
2025-10-09 07:55:11.107 [INFO] [SWEEP_START] window=2025-10-09T07:53:11 → 2025-10-09T07:55:11; candidates=0
2025-10-09 07:55:11.107 [INFO] [SWEEP_DONE] uploaded=0 failed=0
2025-10-09 07:57:11.196 [INFO] [SWEEP_START] window=2025-10-09T07:55:11 → 2025-10-09T07:57:11; candidates=0
2025-10-09 07:57:11.197 [INFO] [SWEEP_DONE] uploaded=0 failed=0
2025-10-09 07:59:11.242 [INFO] [SWEEP_START] window=2025-10-09T07:57:11 → 2025-10-09T07:59:11; candidates=0
2025-10-09 07:59:11.242 [INFO] [SWEEP_DONE] uploaded=0 failed=0
2025-10-09 08:01:11.321 [INFO] [SWEEP_START] window=2025-10-09T07:59:11 → 2025-10-09T08:01:11; candidates=0
2025-10-09 08:01:11.321 [INFO] [SWEEP_DONE] uploaded=0 failed=0
2025-10-09 08:03:11.377 [INFO] [SWEEP_START] window=2025-10-09T08:01:11 → 2025-10-09T08:03:11; candidates=0
2025-10-09 08:03:11.377 [INFO] [SWEEP_DONE] uploaded=0 failed=0
2025-10-09 08:05:11.428 [INFO] [SWEEP_START] window=2025-10-09T08:03:11 → 2025-10-09T08:05:11; candidates=0
2025-10-09 08:05:11.428 [INFO] [SWEEP_DONE] uploaded=0 failed=0
2025-10-09 08:07:11.474 [INFO] [SWEEP_START] window=2025-10-09T08:05:11 → 2025-10-09T08:07:11; candidates=0
2025-10-09 08:07:11.474 [INFO] [SWEEP_DONE] uploaded=0 failed=0
2025-10-09 08:09:11.525 [INFO] [SWEEP_START] window=2025-10-09T08:07:11 → 2025-10-09T08:09:11; candidates=0
2025-10-09 08:09:11.525 [INFO] [SWEEP_DONE] uploaded=0 failed=0
2025-10-09 08:11:11.578 [INFO] [SWEEP_START] window=2025-10-09T08:09:11 → 2025-10-09T08:11:11; candidates=0
2025-10-09 08:11:11.585 [INFO] [SWEEP_DONE] uploaded=0 failed=0
2025-10-09 08:13:11.645 [INFO] [SWEEP_START] window=2025-10-09T08:11:11 → 2025-10-09T08:13:11; candidates=0
2025-10-09 08:13:11.648 [INFO] [SWEEP_DONE] uploaded=0 failed=0
2025-10-09 08:15:11.692 [INFO] [SWEEP_START] window=2025-10-09T08:13:11 → 2025-10-09T08:15:11; candidates=0
2025-10-09 08:15:11.697 [INFO] [SWEEP_DONE] uploaded=0 failed=0
2025-10-09 08:17:11.754 [INFO] [SWEEP_START] window=2025-10-09T08:15:11 → 2025-10-09T08:17:11; candidates=0
2025-10-09 08:17:11.757 [INFO] [SWEEP_DONE] uploaded=0 failed=0
2025-10-09 08:19:11.818 [INFO] [SWEEP_START] window=2025-10-09T08:17:11 → 2025-10-09T08:19:11; candidates=0
2025-10-09 08:19:11.821 [INFO] [SWEEP_DONE] uploaded=0 failed=0
2025-10-09 08:21:11.884 [INFO] [SWEEP_START] window=2025-10-09T08:19:11 → 2025-10-09T08:21:11; candidates=0
2025-10-09 08:21:11.886 [INFO] [SWEEP_DONE] uploaded=0 failed=0
2025-10-09 08:23:11.941 [INFO] [SWEEP_START] window=2025-10-09T08:21:11 → 2025-10-09T08:23:11; candidates=0
2025-10-09 08:23:11.943 [INFO] [SWEEP_DONE] uploaded=0 failed=0
2025-10-09 08:25:12.000 [INFO] [SWEEP_START] window=2025-10-09T08:23:11 → 2025-10-09T08:25:11; candidates=0
2025-10-09 08:25:12.002 [INFO] [SWEEP_DONE] uploaded=0 failed=0
2025-10-09 08:27:12.052 [INFO] [SWEEP_START] window=2025-10-09T08:25:12 → 2025-10-09T08:27:12; candidates=0
2025-10-09 08:27:12.052 [INFO] [SWEEP_DONE] uploaded=0 failed=0
2025-10-09 08:29:12.096 [INFO] [SWEEP_START] window=2025-10-09T08:27:12 → 2025-10-09T08:29:12; candidates=0
2025-10-09 08:29:12.099 [INFO] [SWEEP_DONE] uploaded=0 failed=0
2025-10-09 08:31:12.148 [INFO] [SWEEP_START] window=2025-10-09T08:29:12 → 2025-10-09T08:31:12; candidates=0
2025-10-09 08:31:12.161 [INFO] [SWEEP_DONE] uploaded=0 failed=0
2025-10-09 08:33:12.231 [INFO] [SWEEP_START] window=2025-10-09T08:31:12 → 2025-10-09T08:33:12; candidates=0
2025-10-09 08:33:12.240 [INFO] [SWEEP_DONE] uploaded=0 failed=0
2025-10-09 08:35:12.297 [INFO] [SWEEP_START] window=2025-10-09T08:33:12 → 2025-10-09T08:35:12; candidates=0
2025-10-09 08:35:12.303 [INFO] [SWEEP_DONE] uploaded=0 failed=0
2025-10-09 08:37:12.358 [INFO] [SWEEP_START] window=2025-10-09T08:35:12 → 2025-10-09T08:37:12; candidates=0
2025-10-09 08:37:12.358 [INFO] [SWEEP_DONE] uploaded=0 failed=0
2025-10-09 08:39:12.408 [INFO] [SWEEP_START] window=2025-10-09T08:37:12 → 2025-10-09T08:39:12; candidates=0
2025-10-09 08:39:12.410 [INFO] [SWEEP_DONE] uploaded=0 failed=0
2025-10-09 08:41:12.475 [INFO] [SWEEP_START] window=2025-10-09T08:39:12 → 2025-10-09T08:41:12; candidates=0
2025-10-09 08:41:12.485 [INFO] [SWEEP_DONE] uploaded=0 failed=0
2025-10-09 08:43:12.544 [INFO] [SWEEP_START] window=2025-10-09T08:41:12 → 2025-10-09T08:43:12; candidates=0
2025-10-09 08:43:12.554 [INFO] [SWEEP_DONE] uploaded=0 failed=0
2025-10-09 08:45:12.616 [INFO] [SWEEP_START] window=2025-10-09T08:43:12 → 2025-10-09T08:45:12; candidates=0
2025-10-09 08:45:12.617 [INFO] [SWEEP_DONE] uploaded=0 failed=0
2025-10-09 08:47:12.697 [INFO] [SWEEP_START] window=2025-10-09T08:45:12 → 2025-10-09T08:47:12; candidates=0
2025-10-09 08:47:12.697 [INFO] [SWEEP_DONE] uploaded=0 failed=0
2025-10-09 08:49:12.754 [INFO] [SWEEP_START] window=2025-10-09T08:47:12 → 2025-10-09T08:49:12; candidates=0
2025-10-09 08:49:12.754 [INFO] [SWEEP_DONE] uploaded=0 failed=0
2025-10-09 08:51:12.820 [INFO] [SWEEP_START] window=2025-10-09T08:49:12 → 2025-10-09T08:51:12; candidates=0
2025-10-09 08:51:12.832 [INFO] [SWEEP_DONE] uploaded=0 failed=0
2025-10-09 08:53:12.893 [INFO] [SWEEP_START] window=2025-10-09T08:51:12 → 2025-10-09T08:53:12; candidates=0
2025-10-09 08:53:12.895 [INFO] [SWEEP_DONE] uploaded=0 failed=0
2025-10-09 08:55:12.940 [INFO] [SWEEP_START] window=2025-10-09T08:53:12 → 2025-10-09T08:55:12; candidates=0
2025-10-09 08:55:12.943 [INFO] [SWEEP_DONE] uploaded=0 failed=0
2025-10-09 08:57:12.999 [INFO] [SWEEP_START] window=2025-10-09T08:55:12 → 2025-10-09T08:57:12; candidates=0
2025-10-09 08:57:13.004 [INFO] [SWEEP_DONE] uploaded=0 failed=0
2025-10-09 08:59:13.052 [INFO] [SWEEP_START] window=2025-10-09T08:57:13 → 2025-10-09T08:59:13; candidates=0
2025-10-09 08:59:13.055 [INFO] [SWEEP_DONE] uploaded=0 failed=0
2025-10-09 09:01:13.164 [INFO] [SWEEP_START] window=2025-10-09T08:59:13 → 2025-10-09T09:01:13; candidates=0
2025-10-09 09:01:13.164 [INFO] [SWEEP_DONE] uploaded=0 failed=0
2025-10-09 09:03:13.227 [INFO] [SWEEP_START] window=2025-10-09T09:01:13 → 2025-10-09T09:03:13; candidates=0
2025-10-09 09:03:13.227 [INFO] [SWEEP_DONE] uploaded=0 failed=0
2025-10-09 09:05:13.283 [INFO] [SWEEP_START] window=2025-10-09T09:03:13 → 2025-10-09T09:05:13; candidates=0
2025-10-09 09:05:13.289 [INFO] [SWEEP_DONE] uploaded=0 failed=0
2025-10-09 09:07:13.343 [INFO] [SWEEP_START] window=2025-10-09T09:05:13 → 2025-10-09T09:07:13; candidates=0
2025-10-09 09:07:13.350 [INFO] [SWEEP_DONE] uploaded=0 failed=0
2025-10-09 09:09:13.425 [INFO] [SWEEP_START] window=2025-10-09T09:07:13 → 2025-10-09T09:09:13; candidates=0
2025-10-09 09:09:13.428 [INFO] [SWEEP_DONE] uploaded=0 failed=0
2025-10-09 22:33:36.331 [INFO] [START] TraceWatch agent starting; Root='C:\Program Files (x86)\HAMILTON\LogFiles' Api='https://collector.local:8443/ingest' Outbox='C:\QC\outbox' DevIntervalMinutes=0 LogLevel=INFO
2025-10-09 22:33:36.393 [INFO] [WATCH] Event-driven watch active; midnight sweep enabled
2025-10-09 22:35:59.933 [INFO] [START] TraceWatch agent starting; Root='C:\Program Files (x86)\HAMILTON\LogFiles' Api='https://collector.local:8443/ingest' Outbox='C:\QC\outbox' DevIntervalMinutes=0 LogLevel=INFO
2025-10-09 22:35:59.947 [INFO] [WATCH] Event-driven watch active; midnight sweep enabled
2025-10-09 22:36:19.980 [INFO] [FS_EVENT] Created 'C:\Program Files (x86)\HAMILTON\LogFiles\HamiltonStar_Vibrant_TBDS_NZPS_12col_Ver1.4.1_572e332f1e59476dad7e1722e3405b39_Trace.trc' bytes=365 lastwrite=2025-10-09T22:36:18
2025-10-09 22:36:19.987 [INFO] [FS_EVENT] Created 'C:\Program Files (x86)\HAMILTON\LogFiles\HamiltonStar_Vibrant_TBDS_NZPS_12col_Ver1.4.1_572e332f1e59476dad7e1722e3405b39_Trace.trc' bytes=365 lastwrite=2025-10-09T22:36:18
2025-10-09 22:36:19.987 [INFO] [FS_EVENT] Changed 'C:\Program Files (x86)\HAMILTON\LogFiles\HamiltonStar_Vibrant_TBDS_NZPS_12col_Ver1.4.1_572e332f1e59476dad7e1722e3405b39_Trace.trc' bytes=365 lastwrite=2025-10-09T22:36:18
2025-10-09 22:36:19.992 [INFO] [FS_EVENT] Changed 'C:\Program Files (x86)\HAMILTON\LogFiles\HamiltonStar_Vibrant_TBDS_NZPS_12col_Ver1.4.1_572e332f1e59476dad7e1722e3405b39_Trace.trc' bytes=365 lastwrite=2025-10-09T22:36:18
2025-10-09 22:36:50.355 [INFO] [START] TraceWatch agent starting; Root='C:\...' Api='https://collector.local:8443/ingest' Outbox='C:\QC\outbox' DevIntervalMinutes=0 LogLevel=INFO
2025-10-09 22:36:50.412 [INFO] [WATCH] Event-driven watch active; midnight sweep enabled
2025-10-09 22:38:05.873 [INFO] [START] TraceWatch agent starting; Root='C:\...' Api='https://collector.local:8443/ingest' Outbox='C:\QC\outbox' DevIntervalMinutes=0 LogLevel=INFO
2025-10-09 22:38:05.935 [INFO] [WATCH] Event-driven watch active; midnight sweep enabled
2025-10-09 22:38:26.356 [INFO] [START] TraceWatch agent starting; Root='C:\...' Api='https://collector.local:8443/ingest' Outbox='C:\QC\outbox' DevIntervalMinutes=2 LogLevel=INFO
2025-10-09 22:38:26.417 [INFO] [DEV_LOOP] Running periodic sweep every 2 minute(s)
2025-10-09 22:38:34.235 [INFO] [START] TraceWatch agent starting; Root='C:\...' Api='https://collector.local:8443/ingest' Outbox='C:\QC\outbox' DevIntervalMinutes=1 LogLevel=INFO
2025-10-09 22:38:34.296 [INFO] [DEV_LOOP] Running periodic sweep every 1 minute(s)
2025-10-09 22:39:26.144 [INFO] [SWEEP_START] window=2025-10-09T22:37:34 → 2025-10-09T22:38:34; candidates=3
2025-10-09 22:39:26.255 [INFO] [SWEEP_DONE] uploaded=0 failed=0
2025-10-09 22:41:05.159 [INFO] [SWEEP_START] window=2025-10-09T22:39:26 → 2025-10-09T22:40:26; candidates=4
2025-10-09 22:41:05.336 [INFO] [SWEEP_DONE] uploaded=0 failed=0
2025-10-09 23:21:33.113 [INFO] [START] TraceWatch agent starting; Root='C:\QC' Api='https://collector.local:8443/ingest' Outbox='C:\QC\outbox' DevIntervalMinutes=1 LogLevel=DEBUG
2025-10-09 23:21:33.176 [INFO] [DEV_LOOP] Running periodic sweep every 1 minute(s)
2025-10-09 23:21:33.223 [INFO] [SWEEP_START] window=2025-10-09T23:20:33 → 2025-10-09T23:21:33; candidates=2
2025-10-09 23:21:33.296 [DEBUG] [SWEEP_SKIP] 'C:\QC\qc-edge-tracewatch-ps5.ps1' no checksum; enc=utf-8; last_line='}'
2025-10-09 23:21:33.315 [DEBUG] [SWEEP_SKIP] 'C:\QC\logs\tracewatch.log' no checksum; enc=utf-8; last_line='2025-10-09 23:21:33.296 [DEBUG] [SWEEP_SKIP] 'C:\QC\qc-edge-tracewatch-ps5.ps1' no checksum; enc=utf-8; last_line='}''
2025-10-09 23:21:33.317 [INFO] [SWEEP_DONE] uploaded=0 failed=0
